2026-08-31T18:35:06Z  INFO   5.5  gen-page-title-po  params  ig=fsh-generated/resources/ImplementationGuide-mii-ig-consent.json seed=migration-log/menu-titles-en.txt lang=en out=input/translations/en/ImplementationGuide-mii-ig-consent.po
2026-08-31T18:35:06Z  INFO   5.5  gen-page-title-po  seed  path=migration-log/menu-titles-en.txt  lines=26 entries=26 matched=18 applied=17 unused=8
2026-08-31T18:35:06Z  WARN   5.5  gen-page-title-po  seed entry unused (no such page title)  title='Anleitung für Forschende'
2026-08-31T18:35:06Z  WARN   5.5  gen-page-title-po  seed entry unused (no such page title)  title='Artefakt-Rendering (Demo)'
2026-08-31T18:35:06Z  WARN   5.5  gen-page-title-po  seed entry unused (no such page title)  title='Extensions'
2026-08-31T18:35:06Z  WARN   5.5  gen-page-title-po  seed entry unused (no such page title)  title='Inhaltsverzeichnis'
2026-08-31T18:35:06Z  WARN   5.5  gen-page-title-po  seed entry unused (no such page title)  title='MII Implementierungsleitfaden Consent'
2026-08-31T18:35:06Z  WARN   5.5  gen-page-title-po  seed entry unused (no such page title)  title='Metadaten-Übersicht'
2026-08-31T18:35:06Z  WARN   5.5  gen-page-title-po  seed entry unused (no such page title)  title='NUM-DIZ'
2026-08-31T18:35:06Z  WARN   5.5  gen-page-title-po  seed entry unused (no such page title)  title='Operationen'
2026-08-31T18:35:06Z  INFO   5.5  gen-page-title-po  written  out=input/translations/en/ImplementationGuide-mii-ig-consent.po pages=19 units=19 translated=19 untranslated=0 carried_over=2 preserved_foreign=2 header_preserved=False
2026-08-31T18:35:06Z  WARN   5.5  gen-page-title-po  unit dropped (no longer in the pages: tree)  title='Capability Statements'
2026-08-31T18:35:06Z  WARN   5.5  gen-page-title-po  unit dropped (no longer in the pages: tree)  title='Changelog'
2026-08-31T18:35:06Z  WARN   5.5  gen-page-title-po  unit dropped (no longer in the pages: tree)  title='Code Systems'
2026-08-31T18:35:06Z  WARN   5.5  gen-page-title-po  unit dropped (no longer in the pages: tree)  title='Examples'
2026-08-31T18:35:06Z  WARN   5.5  gen-page-title-po  unit dropped (no longer in the pages: tree)  title='Extensions'
2026-08-31T18:35:06Z  WARN   5.5  gen-page-title-po  unit dropped (no longer in the pages: tree)  title='Guidance'
2026-08-31T18:35:06Z  WARN   5.5  gen-page-title-po  unit dropped (no longer in the pages: tree)  title='Guidance for Implementers'
2026-08-31T18:35:06Z  WARN   5.5  gen-page-title-po  unit dropped (no longer in the pages: tree)  title='Guidance for Researchers'
2026-08-31T18:35:06Z  WARN   5.5  gen-page-title-po  unit dropped (no longer in the pages: tree)  title='Home'
2026-08-31T18:35:06Z  WARN   5.5  gen-page-title-po  unit dropped (no longer in the pages: tree)  title='Logical Models'
2026-08-31T18:35:06Z  WARN   5.5  gen-page-title-po  unit dropped (no longer in the pages: tree)  title='MII ImplementationGuide Resource'
2026-08-31T18:35:06Z  WARN   5.5  gen-page-title-po  unit dropped (no longer in the pages: tree)  title='Metadata Overview'
2026-08-31T18:35:06Z  WARN   5.5  gen-page-title-po  unit dropped (no longer in the pages: tree)  title='Operations'
2026-08-31T18:35:06Z  WARN   5.5  gen-page-title-po  unit dropped (no longer in the pages: tree)  title='Profiles'
2026-08-31T18:35:06Z  WARN   5.5  gen-page-title-po  unit dropped (no longer in the pages: tree)  title='Rendering Artifacts (demo)'
2026-08-31T18:35:06Z  WARN   5.5  gen-page-title-po  unit dropped (no longer in the pages: tree)  title='Search Parameters'
2026-08-31T18:35:06Z  WARN   5.5  gen-page-title-po  unit dropped (no longer in the pages: tree)  title='Security and Privacy'
2026-08-31T18:35:06Z  WARN   5.5  gen-page-title-po  unit dropped (no longer in the pages: tree)  title='Translation Information'
2026-08-31T18:35:06Z  WARN   5.5  gen-page-title-po  unit dropped (no longer in the pages: tree)  title='UML Diagrams'
2026-08-31T18:35:06Z  WARN   5.5  gen-page-title-po  unit dropped (no longer in the pages: tree)  title='Value Sets'
2026-08-31T18:35:06Z  WARN   5.5  gen-page-title-po  unit dropped (no longer in the pages: tree)  title='Versioning'
2026-08-31T18:35:06Z  INFO   5.5  gen-page-title-po  result  exit=0  every page title translated
