2026-08-31T21:40:03Z  INFO   7  prepost-delta  params  pre=migration-log/preflight-analysis.json post=migration-log/postflight-analysis.json out=migration-log/prepost-delta.md tsv=migration-log/prepost-delta.tsv
2026-08-31T21:40:03Z  WARN   7  prepost-delta  census-mode-mismatch: pre=reduced post=static -- artefact-count differences reported as expected-change, never as regressions
    The two census styles classify the same artefacts differently;
    conservation of the artefacts themselves is the verifier's C1
    question, answered by id, not by count.
2026-08-31T21:40:03Z  WARN   7  prepost-delta  delta-not-measurable: identity.id  pre=- post=mii-ig-consent
    the field is absent from the pre measurement
2026-08-31T21:40:03Z  WARN   7  prepost-delta  delta-not-measurable: identity.canonical  pre=- post=https://www.medizininformatik-initiative.de/fhir/modul-consent
    the field is absent from the pre measurement
2026-08-31T21:40:03Z  WARN   7  prepost-delta  delta-not-measurable: identity.packageId  pre=- post=de.medizininformatikinitiative.kerndatensatz.consent
    the field is absent from the pre measurement
2026-08-31T21:40:03Z  WARN   7  prepost-delta  delta-not-measurable: identity.name  pre=- post=MII_IG_Consent
    the field is absent from the pre measurement
2026-08-31T21:40:03Z  WARN   7  prepost-delta  delta-not-measurable: identity.version  pre=- post=2027.0.0-ballot.rc1
    the field is absent from the pre measurement
2026-08-31T21:40:03Z  WARN   7  prepost-delta  delta-not-measurable: identity.fhirVersion  pre=- post=4.0.1
    the field is absent from the pre measurement
2026-08-31T21:40:03Z  WARN   7  prepost-delta  delta-not-measurable: identity.license  pre=- post=CC-BY-4.0
    the field is absent from the pre measurement
2026-08-31T21:40:03Z  WARN   7  prepost-delta  delta-not-measurable: identity.publisher  pre=- post=NUM-DIZ
    the field is absent from the pre measurement
2026-08-31T21:40:03Z  WARN   7  prepost-delta  delta-not-measurable: identity.status  pre=- post=active
    the field is absent from the pre measurement
2026-08-31T21:40:03Z  WARN   7  prepost-delta  delta-not-measurable: identity.title  pre=- post=MII Implementation Guide Consent
    the field is absent from the pre measurement
2026-08-31T21:40:03Z  ERROR  7  prepost-delta  delta-regression: licence.contradictory  pre=false post=true
    why: the target now declares CONTRADICTORY licences (the target declares: attribution4.0international, cc-by-4.0, cc0-1.0, ccby4.0) -- one file will be read as the licence by someone, and it will be the wrong one
2026-08-31T21:40:03Z  INFO   7  prepost-delta  result  rows=34 unchanged=9 improved=1 expected-change=13 regression=1 not-measurable=10 out=migration-log/prepost-delta.md tsv=migration-log/prepost-delta.tsv exit=1
2026-08-31T21:40:03Z  WARN   7  prepost-delta  prepost-delta: 1 regression(s) -- a property of the module got WORSE between the pre- and post-measurement.
    Every regression above names its property and both values.
    The reports were still written: they are the artefact, not the verdict.
